[html.arisetheme.com/pluxes/index.html]
[backblue.gif]
[fade.gif]
[index.html]
[html.arisetheme.com/pluxes/images/favicon.png]
[html.arisetheme.com/pluxes/css/bootstrap.min.css]
[html.arisetheme.com/pluxes/css/slicknav.min.css]
[html.arisetheme.com/pluxes/css/swiper-bundle.min.css]
[html.arisetheme.com/pluxes/css/all.min.css]
[html.arisetheme.com/pluxes/css/animate.css]
[html.arisetheme.com/pluxes/css/magnific-popup.css]
[html.arisetheme.com/pluxes/css/mousecursor.css]
[html.arisetheme.com/pluxes/css/custom.css]
[html.arisetheme.com/pluxes/images/loader.svg]
[html.arisetheme.com/pluxes/images/logo.svg]
[html.arisetheme.com/pluxes/index-2.html]
[html.arisetheme.com/pluxes/index-3.html]
[html.arisetheme.com/pluxes/index-4.html]
[html.arisetheme.com/pluxes/about.html]
[html.arisetheme.com/pluxes/services.html]
[html.arisetheme.com/pluxes/blog.html]
[html.arisetheme.com/pluxes/service-single.html]
[html.arisetheme.com/pluxes/blog-single.html]
[html.arisetheme.com/pluxes/case-study.html]
[html.arisetheme.com/pluxes/case-study-single.html]
[html.arisetheme.com/pluxes/team.html]
[html.arisetheme.com/pluxes/team-single.html]
[html.arisetheme.com/pluxes/pricing.html]
[html.arisetheme.com/pluxes/testimonials.html]
[html.arisetheme.com/pluxes/image-gallery.html]
[html.arisetheme.com/pluxes/video-gallery.html]
[html.arisetheme.com/pluxes/faqs.html]
[html.arisetheme.com/pluxes/404.html]
[html.arisetheme.com/pluxes/contact.html]
[html.arisetheme.com/pluxes/book-appointment.html]
[html.arisetheme.com/pluxes/images/author-1.jpg]
[html.arisetheme.com/pluxes/images/author-2.jpg]
[html.arisetheme.com/pluxes/images/author-3.jpg]
[html.arisetheme.com/pluxes/images/about-us-image.jpg]
[html.arisetheme.com/pluxes/images/icon-service-item-1.svg]
[html.arisetheme.com/pluxes/images/icon-service-item-2.svg]
[html.arisetheme.com/pluxes/images/icon-service-item-3.svg]
[html.arisetheme.com/pluxes/images/our-service-box-image.png]
[html.arisetheme.com/pluxes/images/why-choose-counter-image.jpg]
[html.arisetheme.com/pluxes/images/why-choose-body-image.jpg]
[html.arisetheme.com/pluxes/images/years-experience-circle-white.svg]
[html.arisetheme.com/pluxes/images/why-choose-us-image.png]
[html.arisetheme.com/pluxes/images/icon-why-choose-cta-box.svg]
[html.arisetheme.com/pluxes/images/icon-core-features-item-1.svg]
[html.arisetheme.com/pluxes/images/icon-core-features-item-2.svg]
[html.arisetheme.com/pluxes/images/icon-core-features-item-3.svg]
[html.arisetheme.com/pluxes/images/icon-core-features-item-4.svg]
[html.arisetheme.com/pluxes/images/icon-core-features-item-5.svg]
[html.arisetheme.com/pluxes/images/icon-core-features-item-6.svg]
[html.arisetheme.com/pluxes/images/icon-core-features-item-7.svg]
[html.arisetheme.com/pluxes/images/icon-core-features-item-8.svg]
[html.arisetheme.com/pluxes/images/case-study-image-1.jpg]
[html.arisetheme.com/pluxes/images/case-study-image-2.jpg]
[html.arisetheme.com/pluxes/images/case-study-image-3.jpg]
[html.arisetheme.com/pluxes/images/icon-phone-white.svg]
[html.arisetheme.com/pluxes/images/icon-fact-item-1.svg]
[html.arisetheme.com/pluxes/images/icon-fact-item-2.svg]
[html.arisetheme.com/pluxes/images/icon-fact-item-3.svg]
[html.arisetheme.com/pluxes/images/partners-logo-1.svg]
[html.arisetheme.com/pluxes/images/partners-logo-2.svg]
[html.arisetheme.com/pluxes/images/partners-logo-3.svg]
[html.arisetheme.com/pluxes/images/partners-logo-4.svg]
[html.arisetheme.com/pluxes/images/partners-logo-5.svg]
[html.arisetheme.com/pluxes/images/partners-logo-6.svg]
[html.arisetheme.com/pluxes/images/partners-logo-7.svg]
[html.arisetheme.com/pluxes/images/partners-logo-8.svg]
[html.arisetheme.com/pluxes/images/icon-how-work-item-1.svg]
[html.arisetheme.com/pluxes/images/icon-how-work-item-2.svg]
[html.arisetheme.com/pluxes/images/icon-how-work-item-3.svg]
[html.arisetheme.com/pluxes/images/icon-how-work-item-4.svg]
[html.arisetheme.com/pluxes/images/team-1.jpg]
[html.arisetheme.com/pluxes/images/icon-share.svg]
[html.arisetheme.com/pluxes/images/team-2.jpg]
[html.arisetheme.com/pluxes/images/team-3.jpg]
[html.arisetheme.com/pluxes/images/icon-pricing-item-1.svg]
[html.arisetheme.com/pluxes/images/icon-pricing-item-2.svg]
[html.arisetheme.com/pluxes/images/icon-pricing-item-3.svg]
[html.arisetheme.com/pluxes/images/icon-pricing-benefit-1.svg]
[html.arisetheme.com/pluxes/images/icon-pricing-benefit-2.svg]
[html.arisetheme.com/pluxes/images/icon-pricing-benefit-3.svg]
[html.arisetheme.com/pluxes/images/support-video-image.jpg]
[html.arisetheme.com/pluxes/images/testimonial-quote.svg]
[html.arisetheme.com/pluxes/images/author-5.jpg]
[html.arisetheme.com/pluxes/images/author-4.jpg]
[html.arisetheme.com/pluxes/images/faq-cta-image.jpg]
[html.arisetheme.com/pluxes/images/post-1.jpg]
[html.arisetheme.com/pluxes/images/post-2.jpg]
[html.arisetheme.com/pluxes/images/post-3.jpg]
[html.arisetheme.com/pluxes/images/years-experience-circle-accent.svg]
[html.arisetheme.com/pluxes/js/jquery-3.7.1.min.js]
[html.arisetheme.com/pluxes/js/circle-progress.min.js]
[html.arisetheme.com/pluxes/js/bootstrap.min.js]
[html.arisetheme.com/pluxes/js/validator.min.js]
[html.arisetheme.com/pluxes/js/jquery.slicknav.js]
[html.arisetheme.com/pluxes/js/swiper-bundle.min.js]
[html.arisetheme.com/pluxes/js/jquery.waypoints.min.js]
[html.arisetheme.com/pluxes/js/jquery.counterup.min.js]
[html.arisetheme.com/pluxes/js/jquery.magnific-popup.min.js]
[html.arisetheme.com/pluxes/js/SmoothScroll.js]
[html.arisetheme.com/pluxes/js/parallaxie.js]
[html.arisetheme.com/pluxes/js/gsap.min.js]
[html.arisetheme.com/pluxes/js/magiccursor.js]
[html.arisetheme.com/pluxes/js/SplitText.min.js]
[html.arisetheme.com/pluxes/js/ScrollTrigger.min.js]
[html.arisetheme.com/pluxes/js/jquery.mb.YTPlayer.min.js]
[html.arisetheme.com/pluxes/js/wow.min.js]
[html.arisetheme.com/pluxes/index.html]
[html.arisetheme.com/pluxes/css/bootstrap.min.css]
[html.arisetheme.com/pluxes/css/slicknav.min.css]
[html.arisetheme.com/pluxes/css/swiper-bundle.min.css]
[html.arisetheme.com/pluxes/css/all.min.css]
[html.arisetheme.com/pluxes/css/animate.css]
[html.arisetheme.com/pluxes/css/magnific-popup.css]
[html.arisetheme.com/pluxes/css/mousecursor.css]
[html.arisetheme.com/pluxes/js/function.js]
[html.arisetheme.com/pluxes/images/arrow-white.svg]
[html.arisetheme.com/pluxes/images/arrow-primary.svg]
[html.arisetheme.com/pluxes/images/dark-section-bg-image.png]
[html.arisetheme.com/pluxes/images/hero-bg-image.jpg]
[html.arisetheme.com/pluxes/images/why-choose-counter-image-shape.svg]
[html.arisetheme.com/pluxes/images/section-bg-image-1.png]
[html.arisetheme.com/pluxes/images/page-header-bg.jpg]
[html.arisetheme.com/pluxes/images/what-we-do-image-bg-shape.svg]
[html.arisetheme.com/pluxes/images/icon-blockquote.svg]
[html.arisetheme.com/pluxes/images/hero-bg-image-prime.jpg]
[html.arisetheme.com/pluxes/images/about-image-box-bg-prime.png]
[html.arisetheme.com/pluxes/images/section-bg-image-2.png]
[html.arisetheme.com/pluxes/images/section-bg-image-3.png]
[html.arisetheme.com/pluxes/images/faqs-bg-image-prime.jpg]
[html.arisetheme.com/pluxes/images/footer-contact-item-list-bg-image-prime.jpg]
[html.arisetheme.com/pluxes/images/about-image-corner-bg-shape-royal.svg]
[html.arisetheme.com/pluxes/images/faqs-bg-image-royal.jpg]
[html.arisetheme.com/pluxes/css/custom.css]
[html.arisetheme.com/pluxes/images/loader.svg]
[html.arisetheme.com/pluxes/images/logo.svg]
[html.arisetheme.com/pluxes/index-2.html]
[html.arisetheme.com/pluxes/images/hero-cta-image-prime.png]
[html.arisetheme.com/pluxes/images/about-image-1-prime.jpg]
[html.arisetheme.com/pluxes/images/about-image-2-prime.jpg]
[html.arisetheme.com/pluxes/images/icon-about-us-1-prime.svg]
[html.arisetheme.com/pluxes/images/icon-service-item-1-prime.svg]
[html.arisetheme.com/pluxes/images/icon-service-item-2-prime.svg]
[html.arisetheme.com/pluxes/images/icon-service-item-3-prime.svg]
[html.arisetheme.com/pluxes/images/icon-service-item-4-prime.svg]
[html.arisetheme.com/pluxes/images/icon-service-item-5-prime.svg]
[html.arisetheme.com/pluxes/images/service-cta-image-prime.jpg]
[html.arisetheme.com/pluxes/images/icon-why-choose-item-1-prime.svg]
[html.arisetheme.com/pluxes/images/why-choose-counter-image-prime.png]
[html.arisetheme.com/pluxes/images/why-choose-image-1-prime.jpg]
[html.arisetheme.com/pluxes/images/why-choose-image-2-prime.jpg]
[html.arisetheme.com/pluxes/images/intro-video-image-prime.jpg]
[html.arisetheme.com/pluxes/images/icon-what-we-item-1-prime.svg]
[html.arisetheme.com/pluxes/images/what-we-client-image-prime.png]
[html.arisetheme.com/pluxes/images/icon-what-we-item-2-prime.svg]
[html.arisetheme.com/pluxes/images/how-it-work-image-1-prime.jpg]
[html.arisetheme.com/pluxes/images/how-it-work-image-2-prime.jpg]
[html.arisetheme.com/pluxes/images/how-it-work-image-3-prime.jpg]
[html.arisetheme.com/pluxes/images/pricing-item-image-1-prime.png]
[html.arisetheme.com/pluxes/images/pricing-item-image-2-prime.png]
[html.arisetheme.com/pluxes/images/icon-mail-white.svg]
[html.arisetheme.com/pluxes/index-3.html]
[html.arisetheme.com/pluxes/images/icon-location-white.svg]
[html.arisetheme.com/pluxes/images/about-us-image-royal.jpg]
[html.arisetheme.com/pluxes/images/about-us-item-image-1-royal.png]
[html.arisetheme.com/pluxes/images/about-us-item-image-2-royal.png]
[html.arisetheme.com/pluxes/images/service-image-1-royal.jpg]
[html.arisetheme.com/pluxes/images/service-image-2-royal.jpg]
[html.arisetheme.com/pluxes/images/service-image-3-royal.jpg]
[html.arisetheme.com/pluxes/images/why-choose-image-1-royal.jpg]
[html.arisetheme.com/pluxes/images/years-experience-circle-primary.svg]
[html.arisetheme.com/pluxes/images/why-choose-image-2-royal.jpg]
[html.arisetheme.com/pluxes/images/icon-why-choose-item-1-royal.svg]
[html.arisetheme.com/pluxes/images/icon-why-choose-item-2-royal.svg]
[html.arisetheme.com/pluxes/images/icon-headphone.svg]
[html.arisetheme.com/pluxes/images/our-expertise-image-royal.jpg]
[html.arisetheme.com/pluxes/images/icon-expertise-item-1-royal.svg]
[html.arisetheme.com/pluxes/images/icon-expertise-item-2-royal.svg]
[html.arisetheme.com/pluxes/images/icon-expertise-item-3-royal.svg]
[html.arisetheme.com/pluxes/images/expertise-body-image-royal.png]
[html.arisetheme.com/pluxes/images/icon-what-we-provide-1-royal.svg]
[html.arisetheme.com/pluxes/images/icon-what-we-provide-2-royal.svg]
[html.arisetheme.com/pluxes/images/icon-what-we-provide-3-royal.svg]
[html.arisetheme.com/pluxes/images/our-commitment-image-royal.jpg]
[html.arisetheme.com/pluxes/images/testimonials-image-royal.jpg]
[html.arisetheme.com/pluxes/index-4.html]
[html.arisetheme.com/pluxes/images/icon-google.svg]
[html.arisetheme.com/pluxes/images/icon-approach-item-1.svg]
[html.arisetheme.com/pluxes/images/icon-approach-item-2.svg]
[html.arisetheme.com/pluxes/images/what-we-do-image-1.jpg]
[html.arisetheme.com/pluxes/images/what-we-do-image-2.jpg]
[html.arisetheme.com/pluxes/images/what-we-do-image-3.jpg]
[html.arisetheme.com/pluxes/images/our-expertise-image-1.jpg]
[html.arisetheme.com/pluxes/images/experience-circle-accent.svg]
[html.arisetheme.com/pluxes/images/our-expertise-image-2.jpg]
[html.arisetheme.com/pluxes/about.html]
[html.arisetheme.com/pluxes/images/icon-service-item-4.svg]
[html.arisetheme.com/pluxes/images/icon-service-item-5.svg]
[html.arisetheme.com/pluxes/images/icon-service-item-6.svg]
[html.arisetheme.com/pluxes/images/icon-service-item-7.svg]
[html.arisetheme.com/pluxes/services.html]
[html.arisetheme.com/pluxes/images/icon-service-item-8.svg]
[html.arisetheme.com/pluxes/images/post-4.jpg]
[html.arisetheme.com/pluxes/images/post-5.jpg]
[html.arisetheme.com/pluxes/images/post-6.jpg]
[html.arisetheme.com/pluxes/blog.html]
[html.arisetheme.com/pluxes/images/service-single-image.jpg]
[html.arisetheme.com/pluxes/images/service-why-choose-item-image-1.jpg]
[html.arisetheme.com/pluxes/images/service-why-choose-item-image-2.jpg]
[html.arisetheme.com/pluxes/images/service-benefits-video-image.jpg]
[html.arisetheme.com/pluxes/service-single.html]
[html.arisetheme.com/pluxes/blog-single.html]
[html.arisetheme.com/pluxes/images/case-study-image-4.jpg]
[html.arisetheme.com/pluxes/images/case-study-image-5.jpg]
[html.arisetheme.com/pluxes/images/case-study-image-6.jpg]
[html.arisetheme.com/pluxes/case-study.html]
[html.arisetheme.com/pluxes/images/case-study-solution-item-image-1.jpg]
[html.arisetheme.com/pluxes/images/case-study-solution-item-image-2.jpg]
[html.arisetheme.com/pluxes/images/case-study-result-image.jpg]
[html.arisetheme.com/pluxes/case-study-single.html]
[html.arisetheme.com/pluxes/images/icon-case-study-result-counter-item.svg]
[html.arisetheme.com/pluxes/images/team-4.jpg]
[html.arisetheme.com/pluxes/images/team-5.jpg]
[html.arisetheme.com/pluxes/images/team-6.jpg]
[html.arisetheme.com/pluxes/team.html]
[html.arisetheme.com/pluxes/images/icon-position.svg]
[html.arisetheme.com/pluxes/images/icon-member-education-1.svg]
[html.arisetheme.com/pluxes/team-single.html]
[html.arisetheme.com/pluxes/pricing.html]
[html.arisetheme.com/pluxes/images/icon-member-education-2.svg]
[html.arisetheme.com/pluxes/images/author-6.jpg]
[html.arisetheme.com/pluxes/testimonials.html]
[html.arisetheme.com/pluxes/images/gallery-1.jpg]
[html.arisetheme.com/pluxes/images/gallery-2.jpg]
[html.arisetheme.com/pluxes/images/gallery-3.jpg]
[html.arisetheme.com/pluxes/images/gallery-4.jpg]
[html.arisetheme.com/pluxes/images/gallery-5.jpg]
[html.arisetheme.com/pluxes/images/gallery-6.jpg]
[html.arisetheme.com/pluxes/images/gallery-7.jpg]
[html.arisetheme.com/pluxes/images/gallery-8.jpg]
[html.arisetheme.com/pluxes/images/gallery-9.jpg]
[html.arisetheme.com/pluxes/image-gallery.html]
[html.arisetheme.com/pluxes/video-gallery.html]
[html.arisetheme.com/pluxes/faqs.html]
[html.arisetheme.com/pluxes/images/404-error-image.png]
[html.arisetheme.com/pluxes/404.html]
[html.arisetheme.com/pluxes/contact.html]
[html.arisetheme.com/pluxes/book-appointment.html]
[html.arisetheme.com/pluxes/images/icon-service-item-1.svg]
[html.arisetheme.com/pluxes/images/icon-service-item-2.svg]
[html.arisetheme.com/pluxes/images/icon-service-item-3.svg]
[html.arisetheme.com/pluxes/images/years-experience-circle-white.svg]
[html.arisetheme.com/pluxes/images/icon-why-choose-cta-box.svg]
[html.arisetheme.com/pluxes/images/icon-core-features-item-1.svg]
[html.arisetheme.com/pluxes/images/icon-core-features-item-2.svg]
[html.arisetheme.com/pluxes/images/icon-core-features-item-3.svg]
[html.arisetheme.com/pluxes/images/icon-core-features-item-4.svg]
[html.arisetheme.com/pluxes/images/icon-core-features-item-5.svg]
[html.arisetheme.com/pluxes/images/icon-core-features-item-6.svg]
[html.arisetheme.com/pluxes/images/icon-core-features-item-7.svg]
[html.arisetheme.com/pluxes/images/icon-core-features-item-8.svg]
[html.arisetheme.com/pluxes/images/icon-phone-white.svg]
[html.arisetheme.com/pluxes/images/icon-fact-item-1.svg]
[html.arisetheme.com/pluxes/images/icon-fact-item-2.svg]
[html.arisetheme.com/pluxes/images/icon-fact-item-3.svg]
[html.arisetheme.com/pluxes/images/partners-logo-1.svg]
[html.arisetheme.com/pluxes/images/partners-logo-2.svg]
[html.arisetheme.com/pluxes/images/partners-logo-3.svg]
[html.arisetheme.com/pluxes/images/partners-logo-4.svg]
[html.arisetheme.com/pluxes/images/partners-logo-5.svg]
[html.arisetheme.com/pluxes/images/partners-logo-6.svg]
[html.arisetheme.com/pluxes/images/partners-logo-7.svg]
[html.arisetheme.com/pluxes/images/partners-logo-8.svg]
[html.arisetheme.com/pluxes/images/icon-how-work-item-1.svg]
[html.arisetheme.com/pluxes/images/icon-how-work-item-2.svg]
[html.arisetheme.com/pluxes/images/icon-how-work-item-3.svg]
[html.arisetheme.com/pluxes/images/icon-how-work-item-4.svg]
[html.arisetheme.com/pluxes/images/icon-share.svg]
[html.arisetheme.com/pluxes/images/icon-pricing-item-1.svg]
[html.arisetheme.com/pluxes/images/icon-pricing-item-2.svg]
[html.arisetheme.com/pluxes/images/icon-pricing-item-3.svg]
[html.arisetheme.com/pluxes/images/icon-pricing-benefit-1.svg]
[html.arisetheme.com/pluxes/images/icon-pricing-benefit-2.svg]
[html.arisetheme.com/pluxes/images/icon-pricing-benefit-3.svg]
[html.arisetheme.com/pluxes/images/testimonial-quote.svg]
[html.arisetheme.com/pluxes/images/years-experience-circle-accent.svg]
[html.arisetheme.com/pluxes/images/arrow-white.svg]
[html.arisetheme.com/pluxes/images/arrow-primary.svg]
[html.arisetheme.com/pluxes/images/why-choose-counter-image-shape.svg]
[html.arisetheme.com/pluxes/images/what-we-do-image-bg-shape.svg]
[html.arisetheme.com/pluxes/images/icon-blockquote.svg]
[html.arisetheme.com/pluxes/images/about-image-corner-bg-shape-royal.svg]
[html.arisetheme.com/pluxes/images/icon-about-us-1-prime.svg]
[html.arisetheme.com/pluxes/images/icon-service-item-1-prime.svg]
[html.arisetheme.com/pluxes/images/icon-service-item-2-prime.svg]
[html.arisetheme.com/pluxes/images/icon-service-item-3-prime.svg]
[html.arisetheme.com/pluxes/images/icon-service-item-4-prime.svg]
[html.arisetheme.com/pluxes/images/icon-service-item-5-prime.svg]
[html.arisetheme.com/pluxes/images/icon-why-choose-item-1-prime.svg]
[html.arisetheme.com/pluxes/images/icon-what-we-item-1-prime.svg]
[html.arisetheme.com/pluxes/images/icon-what-we-item-2-prime.svg]
[html.arisetheme.com/pluxes/images/icon-mail-white.svg]
[html.arisetheme.com/pluxes/images/icon-location-white.svg]
[html.arisetheme.com/pluxes/images/years-experience-circle-primary.svg]
[html.arisetheme.com/pluxes/images/icon-why-choose-item-1-royal.svg]
[html.arisetheme.com/pluxes/images/icon-why-choose-item-2-royal.svg]
[html.arisetheme.com/pluxes/images/icon-headphone.svg]
[html.arisetheme.com/pluxes/images/icon-expertise-item-1-royal.svg]
[html.arisetheme.com/pluxes/images/icon-expertise-item-2-royal.svg]
[html.arisetheme.com/pluxes/images/icon-expertise-item-3-royal.svg]
[html.arisetheme.com/pluxes/images/icon-what-we-provide-1-royal.svg]
[html.arisetheme.com/pluxes/images/icon-what-we-provide-2-royal.svg]
[html.arisetheme.com/pluxes/images/icon-what-we-provide-3-royal.svg]
[html.arisetheme.com/pluxes/images/icon-google.svg]
[html.arisetheme.com/pluxes/images/icon-approach-item-1.svg]
[html.arisetheme.com/pluxes/images/icon-approach-item-2.svg]
[html.arisetheme.com/pluxes/images/experience-circle-accent.svg]
[html.arisetheme.com/pluxes/images/icon-service-item-4.svg]
[html.arisetheme.com/pluxes/images/icon-service-item-5.svg]
[html.arisetheme.com/pluxes/images/icon-service-item-6.svg]
[html.arisetheme.com/pluxes/images/icon-service-item-7.svg]
[html.arisetheme.com/pluxes/images/icon-service-item-8.svg]
[html.arisetheme.com/pluxes/images/icon-case-study-result-counter-item.svg]
[html.arisetheme.com/pluxes/images/icon-position.svg]
[html.arisetheme.com/pluxes/images/icon-member-education-1.svg]
[html.arisetheme.com/pluxes/images/icon-member-education-2.svg]
